// Jest Snapshot v1, https://goo.gl/fbAQLP

exports[`alert stack with array of alerts 1`] = `
<div>
  <div
    class="sc-aYaIB XnGOZ"
    role="alert"
  >
    <div>
      Test info alert
    </div>
    <div
      role="button"
    >
      <svg
        class="sc-gEvDqW bLKDy"
        fill="black"
        viewBox="0 0 1792 1792"
        xmlns="http://www.w3.org/2000/svg"
      >
        <path
          d="M1082.2,896.6l410.2-410c51.5-51.5,51.5-134.6,0-186.1s-134.6-51.5-186.1,0l-410.2,410L486,300.4 c-51.5-51.5-134.6-51.5-186.1,0s-51.5,134.6,0,186.1l410.2,410l-410.2,410c-51.5,51.5-51.5,134.6,0,186.1 c51.6,51.5,135,51.5,186.1,0l410.2-410l410.2,410c51.5,51.5,134.6,51.5,186.1,0c51.1-51.5,51.1-134.6-0.5-186.2L1082.2,896.6z"
        />
      </svg>
    </div>
  </div>
  <div
    class="sc-aYaIB XnGOZ"
    role="alert"
  >
    <div>
      test error alert
    </div>
    <div
      role="button"
    >
      <svg
        class="sc-gEvDqW bLKDy"
        fill="black"
        viewBox="0 0 1792 1792"
        xmlns="http://www.w3.org/2000/svg"
      >
        <path
          d="M1082.2,896.6l410.2-410c51.5-51.5,51.5-134.6,0-186.1s-134.6-51.5-186.1,0l-410.2,410L486,300.4 c-51.5-51.5-134.6-51.5-186.1,0s-51.5,134.6,0,186.1l410.2,410l-410.2,410c-51.5,51.5-51.5,134.6,0,186.1 c51.6,51.5,135,51.5,186.1,0l410.2-410l410.2,410c51.5,51.5,134.6,51.5,186.1,0c51.1-51.5,51.1-134.6-0.5-186.2L1082.2,896.6z"
        />
      </svg>
    </div>
  </div>
  <div
    class="sc-aYaIB XnGOZ"
    role="alert"
  >
    <div>
      test error alert warning
    </div>
    <div
      role="button"
    >
      <svg
        class="sc-gEvDqW bLKDy"
        fill="black"
        viewBox="0 0 1792 1792"
        xmlns="http://www.w3.org/2000/svg"
      >
        <path
          d="M1082.2,896.6l410.2-410c51.5-51.5,51.5-134.6,0-186.1s-134.6-51.5-186.1,0l-410.2,410L486,300.4 c-51.5-51.5-134.6-51.5-186.1,0s-51.5,134.6,0,186.1l410.2,410l-410.2,410c-51.5,51.5-51.5,134.6,0,186.1 c51.6,51.5,135,51.5,186.1,0l410.2-410l410.2,410c51.5,51.5,134.6,51.5,186.1,0c51.1-51.5,51.1-134.6-0.5-186.2L1082.2,896.6z"
        />
      </svg>
    </div>
  </div>
  <div
    class="sc-aYaIB XnGOZ"
    role="alert"
  >
    <div>
      test error alert success
    </div>
    <div
      role="button"
    >
      <svg
        class="sc-gEvDqW bLKDy"
        fill="black"
        viewBox="0 0 1792 1792"
        xmlns="http://www.w3.org/2000/svg"
      >
        <path
          d="M1082.2,896.6l410.2-410c51.5-51.5,51.5-134.6,0-186.1s-134.6-51.5-186.1,0l-410.2,410L486,300.4 c-51.5-51.5-134.6-51.5-186.1,0s-51.5,134.6,0,186.1l410.2,410l-410.2,410c-51.5,51.5-51.5,134.6,0,186.1 c51.6,51.5,135,51.5,186.1,0l410.2-410l410.2,410c51.5,51.5,134.6,51.5,186.1,0c51.1-51.5,51.1-134.6-0.5-186.2L1082.2,896.6z"
        />
      </svg>
    </div>
  </div>
</div>
`;
