// Jest Snapshot v1, https://goo.gl/fbAQLP

exports[`render test error 1`] = `
.c0 {
  color: black;
  border-radius: 8px;
  padding: 20px 10px 20px 20px;
  margin-bottom: 10px;
  display: flex;
  background-color: lightgray;
}

.c1 {
  width: 24px;
  padding-left: 20px;
  cursor: pointer;
}

<div>
  <div
    class="c0"
    role="alert"
  >
    <div>
      This is my message now
    </div>
    <div
      role="button"
    >
      <svg
        class="c1"
        fill="black"
        viewBox="0 0 1792 1792"
        xmlns="http://www.w3.org/2000/svg"
      >
        <path
          d="M1082.2,896.6l410.2-410c51.5-51.5,51.5-134.6,0-186.1s-134.6-51.5-186.1,0l-410.2,410L486,300.4 c-51.5-51.5-134.6-51.5-186.1,0s-51.5,134.6,0,186.1l410.2,410l-410.2,410c-51.5,51.5-51.5,134.6,0,186.1 c51.6,51.5,135,51.5,186.1,0l410.2-410l410.2,410c51.5,51.5,134.6,51.5,186.1,0c51.1-51.5,51.1-134.6-0.5-186.2L1082.2,896.6z"
        />
      </svg>
    </div>
  </div>
</div>
`;

exports[`render test info 1`] = `
.c0 {
  color: black;
  border-radius: 8px;
  padding: 20px 10px 20px 20px;
  margin-bottom: 10px;
  display: flex;
  background-color: lightgray;
}

.c1 {
  width: 24px;
  padding-left: 20px;
  cursor: pointer;
}

<div>
  <div
    class="c0"
    role="alert"
  >
    <div>
      This is my message now
    </div>
    <div
      role="button"
    >
      <svg
        class="c1"
        fill="black"
        viewBox="0 0 1792 1792"
        xmlns="http://www.w3.org/2000/svg"
      >
        <path
          d="M1082.2,896.6l410.2-410c51.5-51.5,51.5-134.6,0-186.1s-134.6-51.5-186.1,0l-410.2,410L486,300.4 c-51.5-51.5-134.6-51.5-186.1,0s-51.5,134.6,0,186.1l410.2,410l-410.2,410c-51.5,51.5-51.5,134.6,0,186.1 c51.6,51.5,135,51.5,186.1,0l410.2-410l410.2,410c51.5,51.5,134.6,51.5,186.1,0c51.1-51.5,51.1-134.6-0.5-186.2L1082.2,896.6z"
        />
      </svg>
    </div>
  </div>
</div>
`;

exports[`render test success 1`] = `
.c0 {
  color: black;
  border-radius: 8px;
  padding: 20px 10px 20px 20px;
  margin-bottom: 10px;
  display: flex;
  background-color: lightgray;
}

.c1 {
  width: 24px;
  padding-left: 20px;
  cursor: pointer;
}

<div>
  <div
    class="c0"
    role="alert"
  >
    <div>
      This is my message now
    </div>
    <div
      role="button"
    >
      <svg
        class="c1"
        fill="black"
        viewBox="0 0 1792 1792"
        xmlns="http://www.w3.org/2000/svg"
      >
        <path
          d="M1082.2,896.6l410.2-410c51.5-51.5,51.5-134.6,0-186.1s-134.6-51.5-186.1,0l-410.2,410L486,300.4 c-51.5-51.5-134.6-51.5-186.1,0s-51.5,134.6,0,186.1l410.2,410l-410.2,410c-51.5,51.5-51.5,134.6,0,186.1 c51.6,51.5,135,51.5,186.1,0l410.2-410l410.2,410c51.5,51.5,134.6,51.5,186.1,0c51.1-51.5,51.1-134.6-0.5-186.2L1082.2,896.6z"
        />
      </svg>
    </div>
  </div>
</div>
`;

exports[`render test undefined 1`] = `
.c0 {
  color: black;
  border-radius: 8px;
  padding: 20px 10px 20px 20px;
  margin-bottom: 10px;
  display: flex;
  background-color: lightgray;
}

.c1 {
  width: 24px;
  padding-left: 20px;
  cursor: pointer;
}

<div>
  <div
    class="c0"
    role="alert"
  >
    <div>
      This is my message now
    </div>
    <div
      role="button"
    >
      <svg
        class="c1"
        fill="black"
        viewBox="0 0 1792 1792"
        xmlns="http://www.w3.org/2000/svg"
      >
        <path
          d="M1082.2,896.6l410.2-410c51.5-51.5,51.5-134.6,0-186.1s-134.6-51.5-186.1,0l-410.2,410L486,300.4 c-51.5-51.5-134.6-51.5-186.1,0s-51.5,134.6,0,186.1l410.2,410l-410.2,410c-51.5,51.5-51.5,134.6,0,186.1 c51.6,51.5,135,51.5,186.1,0l410.2-410l410.2,410c51.5,51.5,134.6,51.5,186.1,0c51.1-51.5,51.1-134.6-0.5-186.2L1082.2,896.6z"
        />
      </svg>
    </div>
  </div>
</div>
`;

exports[`render test warning 1`] = `
.c0 {
  color: black;
  border-radius: 8px;
  padding: 20px 10px 20px 20px;
  margin-bottom: 10px;
  display: flex;
  background-color: lightgray;
}

.c1 {
  width: 24px;
  padding-left: 20px;
  cursor: pointer;
}

<div>
  <div
    class="c0"
    role="alert"
  >
    <div>
      This is my message now
    </div>
    <div
      role="button"
    >
      <svg
        class="c1"
        fill="black"
        viewBox="0 0 1792 1792"
        xmlns="http://www.w3.org/2000/svg"
      >
        <path
          d="M1082.2,896.6l410.2-410c51.5-51.5,51.5-134.6,0-186.1s-134.6-51.5-186.1,0l-410.2,410L486,300.4 c-51.5-51.5-134.6-51.5-186.1,0s-51.5,134.6,0,186.1l410.2,410l-410.2,410c-51.5,51.5-51.5,134.6,0,186.1 c51.6,51.5,135,51.5,186.1,0l410.2-410l410.2,410c51.5,51.5,134.6,51.5,186.1,0c51.1-51.5,51.1-134.6-0.5-186.2L1082.2,896.6z"
        />
      </svg>
    </div>
  </div>
</div>
`;
